node.exe : npm warn Unknown env config "devdir". This will stop working in the next major version of npm.
At line:1 char:1
+ & "C:\Program Files\nodejs/node.exe" "C:\Users\REWKV\AppData\Roaming\ ...
+ ~~~~~~~~~~~~~~~~~~~~~~~~~~~~~~~~~~~~~~~~~~~~~~~~~~~~~~~~~~~~~~~~~~~~~
    + CategoryInfo          : NotSpecified: (npm warn Unknow...version of npm.:String) [], RemoteException
    + FullyQualifiedErrorId : NativeCommandError
 

> hms-mvp@0.2.0 build
> next build

  Γû▓ Next.js 14.2.3
  - Environments: .env.local, .env

   Creating an optimized production build ...
> [PWA] Compile server
> [PWA] Compile server
> [PWA] Compile client (static)
> [PWA] Auto register service worker with: C:\Users\REWKV\OneDrive - Bayer\Documents\NexMedicon HMS\hms-mvp\node_modules\next-pwa\register.js
> [PWA] Service worker: C:\Users\REWKV\OneDrive - Bayer\Documents\NexMedicon HMS\hms-mvp\public\sw.js
> [PWA]   url: /sw.js
> [PWA]   scope: /
 Γ£ô Compiled successfully
   Linting and checking validity of types ...
   Collecting page data ...
Error: supabaseKey is required.
    at new rL (C:\Users\REWKV\OneDrive - Bayer\Documents\NexMedicon HMS\hms-mvp\.next\server\chunks\8336.js:37:48419)
    at rD (C:\Users\REWKV\OneDrive - Bayer\Documents\NexMedicon HMS\hms-mvp\.next\server\chunks\8336.js:37:52143)
    at 61183 (C:\Users\REWKV\OneDrive - Bayer\Documents\NexMedicon 
HMS\hms-mvp\.next\server\app\api\discharge\finalize\route.js:1:3044)
    at t (C:\Users\REWKV\OneDrive - Bayer\Documents\NexMedicon HMS\hms-mvp\.next\server\webpack-runtime.js:1:127)
    at 29101 (C:\Users\REWKV\OneDrive - Bayer\Documents\NexMedicon 
HMS\hms-mvp\.next\server\app\api\discharge\finalize\route.js:1:502)
    at t (C:\Users\REWKV\OneDrive - Bayer\Documents\NexMedicon HMS\hms-mvp\.next\server\webpack-runtime.js:1:127)
    at i (C:\Users\REWKV\OneDrive - Bayer\Documents\NexMedicon 
HMS\hms-mvp\.next\server\app\api\discharge\finalize\route.js:1:4926)
    at C:\Users\REWKV\OneDrive - Bayer\Documents\NexMedicon 
HMS\hms-mvp\.next\server\app\api\discharge\finalize\route.js:1:4964
    at t.X (C:\Users\REWKV\OneDrive - Bayer\Documents\NexMedicon HMS\hms-mvp\.next\server\webpack-runtime.js:1:1191)
    at C:\Users\REWKV\OneDrive - Bayer\Documents\NexMedicon 
HMS\hms-mvp\.next\server\app\api\discharge\finalize\route.js:1:4939

> Build error occurred
Error: Failed to collect page data for /api/discharge/finalize
    at C:\Users\REWKV\OneDrive - Bayer\Documents\NexMedicon HMS\hms-mvp\node_modules\next\dist\build\utils.js:1268:15
    at process.processTicksAndRejections (node:internal/process/task_queues:105:5) {
  type: 'Error'
}
